// Jest Snapshot v1, https://goo.gl/fbAQLP

exports[`components: Avatar should render correctly 1`] = `
.c0 {
  width: 10vmin;
  max-width: 50px;
  height: 10vmin;
  max-height: 50px;
  border-radius: 50%;
  margin: .4rem;
}

<img
  className="c0"
  src="https://api.adorable.io/avatars/128/someKey"
/>
`;
