// Jest Snapshot v1, https://goo.gl/fbAQLP

exports[`components: Inputs/CharacterSheet should render correctly 1`] = `
.c0 {
  display: -webkit-box;
  display: -webkit-flex;
  display: -ms-flexbox;
  display: flex;
  -webkit-flex-direction: column;
  -ms-flex-direction: column;
  flex-direction: column;
  max-height: 40vh;
}

.c1 {
  -webkit-flex: 1;
  -ms-flex: 1;
  flex: 1;
  overflow-y: auto;
  -webkit-overflow-scrolling: touch;
  display: block;
  -webkit-flex-direction: column;
  -ms-flex-direction: column;
  flex-direction: column;
}

.c2 {
  display: -webkit-box;
  display: -webkit-flex;
  display: -ms-flexbox;
  display: flex;
  -webkit-flex-direction: row;
  -ms-flex-direction: row;
  flex-direction: row;
  -webkit-flex-wrap: wrap;
  -ms-flex-wrap: wrap;
  flex-wrap: wrap;
}

.c3 {
  display: -webkit-box;
  display: -webkit-flex;
  display: -ms-flexbox;
  display: flex;
  -webkit-flex-direction: column;
  -ms-flex-direction: column;
  flex-direction: column;
  -webkit-flex: 4;
  -ms-flex: 4;
  flex: 4;
  margin: .5rem;
}

.c5 {
  display: -webkit-box;
  display: -webkit-flex;
  display: -ms-flexbox;
  display: flex;
  -webkit-flex-direction: column;
  -ms-flex-direction: column;
  flex-direction: column;
  -webkit-flex: 1;
  -ms-flex: 1;
  flex: 1;
  margin: .5rem;
}

.c4 {
  font-family: "Open Sans";
  font-size: 1rem;
  padding: .4em;
  border: none;
  border-radius: 0;
  text-align: left;
}

<div
  className="c0"
>
  <div
    className="c1"
  >
    <div
      className="c2"
    >
      <div
        className="c3"
      >
        Name
        <input
          className="c4"
          onChange={[Function]}
          size={25}
          value=""
        />
      </div>
      <div
        className="c5"
      >
        Class & Level
        <input
          className="c4"
          onChange={[Function]}
          size={10}
          value=""
        />
      </div>
      <div
        className="c5"
      >
        Race
        <input
          className="c4"
          onChange={[Function]}
          size={10}
          value=""
        />
      </div>
      <div
        className="c5"
      >
        Background
        <input
          className="c4"
          onChange={[Function]}
          size={10}
          value=""
        />
      </div>
      <div
        className="c5"
      >
        Alignment
        <input
          className="c4"
          onChange={[Function]}
          size={10}
          value=""
        />
      </div>
    </div>
    <div
      className="c2"
    >
      <div
        className="c5"
      >
        Strength
        <input
          className="c4"
          onChange={[Function]}
          size={10}
          value=""
        />
      </div>
      <div
        className="c5"
      >
        Dextery
        <input
          className="c4"
          onChange={[Function]}
          size={10}
          value=""
        />
      </div>
      <div
        className="c5"
      >
        Constitution
        <input
          className="c4"
          onChange={[Function]}
          size={10}
          value=""
        />
      </div>
      <div
        className="c5"
      >
        Intelligence
        <input
          className="c4"
          onChange={[Function]}
          size={10}
          value=""
        />
      </div>
      <div
        className="c5"
      >
        Wisdom
        <input
          className="c4"
          onChange={[Function]}
          size={10}
          value=""
        />
      </div>
      <div
        className="c5"
      >
        Charisma
        <input
          className="c4"
          onChange={[Function]}
          size={10}
          value=""
        />
      </div>
    </div>
  </div>
</div>
`;
