// Jest Snapshot v1, https://goo.gl/fbAQLP

exports[`components: SideBar should render correctly 1`] = `
.c1 {
  display: -webkit-box;
  display: -webkit-flex;
  display: -ms-flexbox;
  display: flex;
  -webkit-align-items: center;
  -webkit-box-align: center;
  -ms-flex-align: center;
  align-items: center;
  min-height: 3rem;
  margin-top: 0px;
}

.c3 {
  text-align: center;
  line-height: 2;
  margin: 0;
  color: #e6e5f1;
  display: inline-block;
  max-width: 250px;
  overflow: hidden;
  text-overflow: ellipsis;
  white-space: nowrap;
  word-wrap: normal;
}

.c2 {
  -webkit-flex: 1 0 0;
  -ms-flex: 1 0 0;
  flex: 1 0 0;
  -webkit-align-items: center;
  -webkit-box-align: center;
  -ms-flex-align: center;
  align-items: center;
  text-align: left;
}

.c4 {
  -webkit-flex: 1 0 0;
  -ms-flex: 1 0 0;
  flex: 1 0 0;
  -webkit-align-items: center;
  -webkit-box-align: center;
  -ms-flex-align: center;
  align-items: center;
  text-align: right;
}

.c6 {
  -webkit-flex: 1;
  -ms-flex: 1;
  flex: 1;
  overflow-y: auto;
  -webkit-overflow-scrolling: touch;
  display: -webkit-box;
  display: -webkit-flex;
  display: -ms-flexbox;
  display: flex;
  -webkit-flex-direction: column;
  -ms-flex-direction: column;
  flex-direction: column;
}

.c7 {
  -webkit-flex: 1 0 auto;
  -ms-flex: 1 0 auto;
  flex: 1 0 auto;
  display: -webkit-box;
  display: -webkit-flex;
  display: -ms-flexbox;
  display: flex;
  -webkit-flex-direction: column;
  -ms-flex-direction: column;
  flex-direction: column;
  -webkit-box-pack: end;
  -webkit-justify-content: flex-end;
  -ms-flex-pack: end;
  justify-content: flex-end;
  min-height: 100%;
}

.c10 {
  width: 10vmin;
  max-width: 50px;
  height: 10vmin;
  max-height: 50px;
  border-radius: 50%;
  margin: .4rem;
}

.c5 {
  background: none;
  border: none;
  cursor: pointer;
  color: #817b9e;
  font-family: Dosis;
  font-size: 1rem;
  padding: .2em .4em;
}

.c5:focus {
  outline: none;
}

.c5:hover,
.c5:focus {
  color: #e6e5f1;
}

.c8 {
  color: #e6e5f1;
  display: block;
  padding: .8rem;
  text-decoration: none;
}

.c8:hover {
  background-color: #443a53;
}

.c8 svg {
  font-size: 1.2em;
  margin-right: .5em;
}

.c0 {
  display: -webkit-box;
  display: -webkit-flex;
  display: -ms-flexbox;
  display: flex;
  -webkit-flex-direction: column;
  -ms-flex-direction: column;
  flex-direction: column;
  background: linear-gradient(11deg, #2a2932 25%, #1e1e24 82%);
  width: 16rem;
  min-width: 320px;
  color: #e6e5f1;
  -webkit-transform: translateX(    -0px  );
  -ms-transform: translateX(    -0px  );
  transform: translateX(    -0px  );
  -webkit-animation: iqjbZN .3s ease-out;
  animation: iqjbZN .3s ease-out;
  -webkit-animation-fill-mode: forwards;
  animation-fill-mode: forwards;
}

.c12 {
  position: absolute;
  top: 0;
  bottom: 0;
  left: 320px;
  width: 100vw;
  background-color: rgba(42,41,50,0.7);
  box-shadow: rgba(0, 0, 0, 0.3) 8px 0 16px inset;
  -webkit-animation: eMLfYp .2s ease-out;
  animation: eMLfYp .2s ease-out;
  -webkit-animation-fill-mode: forwards;
  animation-fill-mode: forwards;
}

.c9 {
  display: -webkit-box;
  display: -webkit-flex;
  display: -ms-flexbox;
  display: flex;
  -webkit-align-items: center;
  -webkit-box-align: center;
  -ms-flex-align: center;
  align-items: center;
}

.c11 {
  -webkit-flex: 1;
  -ms-flex: 1;
  flex: 1;
}

@media (max-width: 767px) {
  .c0 {
    position: fixed;
    z-index: 2;
    top: 0;
    bottom: 0;
    left: 0;
  }
}

<div
  className="c0"
>
  <div
    className="c1"
  >
    <div
      className="c2"
    />
    <h2
      className="c3"
    >
      Pocket Campaign
    </h2>
    <div
      className="c4"
    >
      <button
        className="c5"
        onClick={[Function]}
        onMouseUp={[Function]}
      >
        <svg
          fill="currentColor"
          height="1em"
          preserveAspectRatio="xMidYMid meet"
          style={
            Object {
              "color": undefined,
              "verticalAlign": "middle",
            }
          }
          viewBox="0 0 40 40"
          width="1em"
        >
          <g>
            <path
              d="m33.5 29.5q0 0.9-0.7 1.5l-3 3.1q-0.6 0.6-1.5 0.6t-1.5-0.6l-6.6-6.6-6.5 6.6q-0.7 0.6-1.6 0.6t-1.5-0.6l-3-3.1q-0.6-0.6-0.6-1.5t0.6-1.5l6.5-6.6-6.5-6.5q-0.6-0.7-0.6-1.6t0.6-1.5l3-3q0.6-0.6 1.5-0.6t1.6 0.6l6.5 6.6 6.6-6.6q0.6-0.6 1.5-0.6t1.5 0.6l3.1 3q0.6 0.7 0.6 1.5t-0.6 1.6l-6.6 6.5 6.6 6.6q0.6 0.6 0.6 1.5z"
            />
          </g>
        </svg>
      </button>
    </div>
  </div>
  <div
    className="c6"
  >
    <div
      className="c7"
    >
      <a
        className="c8"
        href="/sign-out"
        onClick={[Function]}
      >
        <svg
          fill="currentColor"
          height="1em"
          preserveAspectRatio="xMidYMid meet"
          style={
            Object {
              "color": undefined,
              "verticalAlign": "middle",
            }
          }
          viewBox="0 0 40 40"
          width="1em"
        >
          <g>
            <path
              d="m16.8 32.1q0 0.1 0 0.5t0 0.6 0 0.5-0.3 0.4-0.4 0.2h-7.2q-2.6 0-4.5-1.9t-1.9-4.5v-15.8q0-2.6 1.9-4.5t4.5-1.9h7.2q0.3 0 0.5 0.2t0.2 0.5q0 0.1 0 0.5t0 0.6 0 0.5-0.3 0.4-0.4 0.2h-7.2q-1.4 0-2.5 1t-1 2.5v15.8q0 1.4 1 2.5t2.5 1h7l0.2 0.1 0.3 0 0.2 0.1 0.1 0.2 0.1 0.3z m20.7-12.1q0 0.6-0.4 1l-12.2 12.1q-0.4 0.5-1 0.5t-1-0.5-0.4-1v-6.4h-10q-0.6 0-1-0.4t-0.4-1v-8.6q0-0.6 0.4-1t1-0.4h10v-6.4q0-0.6 0.4-1t1-0.5 1 0.5l12.2 12.1q0.4 0.4 0.4 1z"
            />
          </g>
        </svg>
        Sign Out
      </a>
      <a
        className="c8"
        href="/settings"
        onClick={[Function]}
      >
        <svg
          fill="currentColor"
          height="1em"
          preserveAspectRatio="xMidYMid meet"
          style={
            Object {
              "color": undefined,
              "verticalAlign": "middle",
            }
          }
          viewBox="0 0 40 40"
          width="1em"
        >
          <g>
            <path
              d="m25.9 20q0-2.4-1.7-4t-4.1-1.7-4 1.7-1.7 4 1.7 4 4 1.7 4.1-1.7 1.7-4z m11.4-2.4v4.9q0 0.3-0.2 0.5t-0.4 0.3l-4.2 0.6q-0.4 1.3-0.8 2.1 0.7 1.1 2.3 3.1 0.3 0.2 0.3 0.5t-0.2 0.5q-0.6 0.9-2.2 2.4t-2.1 1.6q-0.3 0-0.6-0.2l-3.1-2.4q-1 0.5-2 0.9-0.4 3-0.7 4.1-0.1 0.6-0.8 0.6h-4.9q-0.3 0-0.6-0.1t-0.2-0.5l-0.7-4.1q-1.1-0.4-2-0.9l-3.1 2.4q-0.2 0.2-0.6 0.2-0.3 0-0.5-0.2-2.8-2.6-3.7-3.8-0.2-0.2-0.2-0.5 0-0.2 0.2-0.5 0.3-0.5 1.1-1.5t1.2-1.5q-0.6-1.2-0.9-2.3l-4.1-0.6q-0.2 0-0.4-0.2t-0.2-0.6v-4.9q0-0.3 0.2-0.5t0.4-0.3l4.2-0.7q0.3-1 0.8-2-0.9-1.3-2.4-3.1-0.2-0.3-0.2-0.5 0-0.2 0.2-0.5 0.6-0.8 2.2-2.4t2.1-1.6q0.3 0 0.6 0.2l3.1 2.4q1-0.5 2-0.9 0.4-3 0.7-4.1 0.1-0.6 0.8-0.6h4.9q0.3 0 0.6 0.1t0.2 0.5l0.7 4.1q1 0.4 2 0.9l3.1-2.4q0.2-0.2 0.6-0.2 0.3 0 0.5 0.2 2.9 2.6 3.7 3.8 0.2 0.2 0.2 0.5 0 0.2-0.2 0.5-0.4 0.5-1.2 1.5t-1.2 1.5q0.6 1.2 1 2.2l4 0.7q0.3 0 0.5 0.2t0.2 0.6z"
            />
          </g>
        </svg>
        Settings
      </a>
      <a
        className="c8"
        href="/r/tutorial"
        onClick={[Function]}
      >
        <svg
          fill="currentColor"
          height="1em"
          preserveAspectRatio="xMidYMid meet"
          style={
            Object {
              "color": undefined,
              "verticalAlign": "middle",
            }
          }
          width="1em"
        />
        Introduction Tutorial
      </a>
    </div>
  </div>
  <div
    className="c9"
  >
    <img
      className="c10"
      src="https://api.adorable.io/avatars/128/someKey"
    />
    <h4
      className="c11"
    >
      User Name
    </h4>
  </div>
  <div
    className="c12"
    onClick={[Function]}
  />
</div>
`;
